
════════════════════════════════════════════════════════════════════════
══════════════════════════ EXPERIMENT CONFIG ═══════════════════════════
════════════════════════════════════════════════════════════════════════
  Graph vertices  : 4000
  Regions         : 200
  Robots          : 8
  Budget          : 80  (distance units)
  Outer iters     : 200  (τ=10 rollouts each)
  Trials          : 1
  Total rollouts/robot: 2000

  Metrics to compare against paper:
    • Dec-MCTS reward as % of total possible
    • Dec-MCTS reward vs. Cen-MCTS
    • Regions found / total
    • Reward convergence curve across outer iterations

════════════════════════════════════════════════════════════════════════
═════════════════════ SINGLE / MULTI-TRIAL RESULTS ═════════════════════
════════════════════════════════════════════════════════════════════════
/Users/avisingh/Documents/Stanford/SISL/SDecZero/Scripts/decmcts_test.py:531: UserWarning: FigureCanvasAgg is non-interactive, and thus cannot be shown
  plt.show()
  outer   1  reward= 241.0/1028  ( 23.4%)  elapsed=203ms
/Users/avisingh/Documents/Stanford/SISL/SDecZero/Scripts/decmcts_test.py:579: UserWarning: FigureCanvasAgg is non-interactive, and thus cannot be shown
  plt.pause(0.01)
  outer   5  reward= 316.0/1028  ( 30.7%)  elapsed=967ms
  outer  10  reward= 352.0/1028  ( 34.2%)  elapsed=2434ms
  outer  15  reward= 396.0/1028  ( 38.5%)  elapsed=4214ms
  outer  20  reward= 458.0/1028  ( 44.6%)  elapsed=6426ms
  outer  25  reward= 520.0/1028  ( 50.6%)  elapsed=8676ms
  outer  30  reward= 555.0/1028  ( 54.0%)  elapsed=11200ms
  outer  35  reward= 592.0/1028  ( 57.6%)  elapsed=13847ms
  outer  40  reward= 606.0/1028  ( 58.9%)  elapsed=16675ms
  outer  45  reward= 624.0/1028  ( 60.7%)  elapsed=19636ms
  outer  50  reward= 652.0/1028  ( 63.4%)  elapsed=22847ms
  outer  55  reward= 661.0/1028  ( 64.3%)  elapsed=26234ms
  outer  60  reward= 675.0/1028  ( 65.7%)  elapsed=29778ms
  outer  65  reward= 669.0/1028  ( 65.1%)  elapsed=33464ms
  outer  70  reward= 708.0/1028  ( 68.9%)  elapsed=37153ms
  outer  75  reward= 727.0/1028  ( 70.7%)  elapsed=41210ms
  outer  80  reward= 774.0/1028  ( 75.3%)  elapsed=45619ms
  outer  85  reward= 784.0/1028  ( 76.3%)  elapsed=50514ms
  outer  90  reward= 789.0/1028  ( 76.8%)  elapsed=55379ms
  outer  95  reward= 797.0/1028  ( 77.5%)  elapsed=60564ms
  outer 100  reward= 802.0/1028  ( 78.0%)  elapsed=65687ms
  outer 105  reward= 802.0/1028  ( 78.0%)  elapsed=70864ms
  outer 110  reward= 824.0/1028  ( 80.2%)  elapsed=75963ms
  outer 115  reward= 844.0/1028  ( 82.1%)  elapsed=81114ms
  outer 120  reward= 858.0/1028  ( 83.5%)  elapsed=86275ms
  outer 125  reward= 867.0/1028  ( 84.3%)  elapsed=91567ms
  outer 130  reward= 880.0/1028  ( 85.6%)  elapsed=96837ms
  outer 135  reward= 885.0/1028  ( 86.1%)  elapsed=102134ms
  outer 140  reward= 885.0/1028  ( 86.1%)  elapsed=107746ms
  outer 145  reward= 910.0/1028  ( 88.5%)  elapsed=113314ms
  outer 150  reward= 916.0/1028  ( 89.1%)  elapsed=118826ms
  outer 155  reward= 963.0/1028  ( 93.7%)  elapsed=124446ms
  outer 160  reward= 961.0/1028  ( 93.5%)  elapsed=129987ms
  outer 165  reward= 963.0/1028  ( 93.7%)  elapsed=135603ms
  outer 170  reward= 963.0/1028  ( 93.7%)  elapsed=141851ms
  outer 175  reward= 963.0/1028  ( 93.7%)  elapsed=147513ms
  outer 180  reward= 963.0/1028  ( 93.7%)  elapsed=153250ms
  outer 185  reward= 963.0/1028  ( 93.7%)  elapsed=159161ms
  outer 190  reward= 963.0/1028  ( 93.7%)  elapsed=165373ms
  outer 195  reward= 963.0/1028  ( 93.7%)  elapsed=171520ms
  outer 200  reward= 963.0/1028  ( 93.7%)  elapsed=177233ms
/Users/avisingh/Documents/Stanford/SISL/SDecZero/Scripts/decmcts_test.py:587: UserWarning: FigureCanvasAgg is non-interactive, and thus cannot be shown
  plt.show(block=False)

════════════════════════════════════════════════════════════════════════
════════════ KEY METRICS  (compare against paper Section 6) ════════════
════════════════════════════════════════════════════════════════════════

  Metric                                            Your result         Paper
  ──────────────────────────────────────────────────────────────────────────
  Dec-MCTS median reward (abs)                           963.00     see Fig 3
  Cen-MCTS median reward (abs)                           930.00     see Fig 3
  Dec % of total possible reward                          93.7%     see Fig 3
  Dec reward vs Cen-MCTS (median)                         +3.5%  +7% (median)
  Dec better than Cen (fraction of trials)                  1/1  91% of trials
  Regions found / total (Dec, avg)                    184.0/200     see Fig 2

════════════════════════════════════════════════════════════════════════
══════════════════════════ CORRECTNESS CHECKS ══════════════════════════
════════════════════════════════════════════════════════════════════════
  [PASS ✓]  All robot paths are graph-connected
  [PASS ✓]  All paths respect distance budget  (budget=80.0)
  [PASS ✓]  Sum of marginal utilities ≤ joint reward  (sum=706.00, joint=963.00)
  [PASS ✓]  All distributions sum to 1
  [PASS ✓]  Dec-MCTS reward > 0  (963.00)
  [PASS ✓]  Reward improves: 2nd half avg ≥ 1st half avg  (612.74 → 912.21)
  [PASS ✓]  Robot 0 distribution normalized  (sum=1.00000000)
  [PASS ✓]  Robot 1 distribution normalized  (sum=1.00000000)
  [PASS ✓]  Robot 2 distribution normalized  (sum=1.00000000)
  [PASS ✓]  Robot 3 distribution normalized  (sum=1.00000000)
  [PASS ✓]  Robot 4 distribution normalized  (sum=1.00000000)
  [PASS ✓]  Robot 5 distribution normalized  (sum=1.00000000)
  [PASS ✓]  Robot 6 distribution normalized  (sum=1.00000000)
  [PASS ✓]  Robot 7 distribution normalized  (sum=1.00000000)

  14/14 checks passed

════════════════════════════════════════════════════════════════════════
═══════════ CONVERGENCE TRACE  (reward vs. outer iteration) ════════════
════════════════════════════════════════════════════════════════════════

   Iter    Reward  Bar                                     
  ──────────────────────────────────────────────────────────
      1    241.00  ██████████░░░░░░░░░░░░░░░░░░░░░░░░░░░░░░
      2    277.00  ███████████░░░░░░░░░░░░░░░░░░░░░░░░░░░░░
      3    283.00  ███████████░░░░░░░░░░░░░░░░░░░░░░░░░░░░░
      4    294.00  ████████████░░░░░░░░░░░░░░░░░░░░░░░░░░░░
      5    316.00  █████████████░░░░░░░░░░░░░░░░░░░░░░░░░░░
      6    308.00  ████████████░░░░░░░░░░░░░░░░░░░░░░░░░░░░
      7    339.00  ██████████████░░░░░░░░░░░░░░░░░░░░░░░░░░
      8    354.00  ██████████████░░░░░░░░░░░░░░░░░░░░░░░░░░
      9    351.00  ██████████████░░░░░░░░░░░░░░░░░░░░░░░░░░
     10    352.00  ██████████████░░░░░░░░░░░░░░░░░░░░░░░░░░
     11    418.00  █████████████████░░░░░░░░░░░░░░░░░░░░░░░
     12    404.00  ████████████████░░░░░░░░░░░░░░░░░░░░░░░░
     13    392.00  ████████████████░░░░░░░░░░░░░░░░░░░░░░░░
     14    416.00  █████████████████░░░░░░░░░░░░░░░░░░░░░░░
     15    396.00  ████████████████░░░░░░░░░░░░░░░░░░░░░░░░
     16    399.00  ████████████████░░░░░░░░░░░░░░░░░░░░░░░░
     17    425.00  █████████████████░░░░░░░░░░░░░░░░░░░░░░░
     18    422.00  █████████████████░░░░░░░░░░░░░░░░░░░░░░░
     19    440.00  ██████████████████░░░░░░░░░░░░░░░░░░░░░░
     20    458.00  ███████████████████░░░░░░░░░░░░░░░░░░░░░
     21    471.00  ███████████████████░░░░░░░░░░░░░░░░░░░░░
     22    472.00  ███████████████████░░░░░░░░░░░░░░░░░░░░░
     23    483.00  ████████████████████░░░░░░░░░░░░░░░░░░░░
     24    508.00  █████████████████████░░░░░░░░░░░░░░░░░░░
     25    520.00  █████████████████████░░░░░░░░░░░░░░░░░░░
     26    543.00  ██████████████████████░░░░░░░░░░░░░░░░░░
     27    543.00  ██████████████████████░░░░░░░░░░░░░░░░░░
     28    551.00  ██████████████████████░░░░░░░░░░░░░░░░░░
     29    547.00  ██████████████████████░░░░░░░░░░░░░░░░░░
     30    555.00  ███████████████████████░░░░░░░░░░░░░░░░░
     31    555.00  ███████████████████████░░░░░░░░░░░░░░░░░
     32    555.00  ███████████████████████░░░░░░░░░░░░░░░░░
     33    573.00  ███████████████████████░░░░░░░░░░░░░░░░░
     34    585.00  ████████████████████████░░░░░░░░░░░░░░░░
     35    592.00  ████████████████████████░░░░░░░░░░░░░░░░
     36    575.00  ███████████████████████░░░░░░░░░░░░░░░░░
     37    592.00  ████████████████████████░░░░░░░░░░░░░░░░
     38    590.00  ████████████████████████░░░░░░░░░░░░░░░░
     39    621.00  █████████████████████████░░░░░░░░░░░░░░░
     40    606.00  █████████████████████████░░░░░░░░░░░░░░░
     41    626.00  ██████████████████████████░░░░░░░░░░░░░░
     42    613.00  █████████████████████████░░░░░░░░░░░░░░░
     43    628.00  ██████████████████████████░░░░░░░░░░░░░░
     44    628.00  ██████████████████████████░░░░░░░░░░░░░░
     45    624.00  █████████████████████████░░░░░░░░░░░░░░░
     46    628.00  ██████████████████████████░░░░░░░░░░░░░░
     47    640.00  ██████████████████████████░░░░░░░░░░░░░░
     48    644.00  ██████████████████████████░░░░░░░░░░░░░░
     49    648.00  ██████████████████████████░░░░░░░░░░░░░░
     50    652.00  ███████████████████████████░░░░░░░░░░░░░
     51    638.00  ██████████████████████████░░░░░░░░░░░░░░
     52    645.00  ██████████████████████████░░░░░░░░░░░░░░
     53    645.00  ██████████████████████████░░░░░░░░░░░░░░
     54    661.00  ███████████████████████████░░░░░░░░░░░░░
     55    661.00  ███████████████████████████░░░░░░░░░░░░░
     56    666.00  ███████████████████████████░░░░░░░░░░░░░
     57    657.00  ███████████████████████████░░░░░░░░░░░░░
     58    666.00  ███████████████████████████░░░░░░░░░░░░░
     59    681.00  ████████████████████████████░░░░░░░░░░░░
     60    675.00  ████████████████████████████░░░░░░░░░░░░
     61    675.00  ████████████████████████████░░░░░░░░░░░░
     62    675.00  ████████████████████████████░░░░░░░░░░░░
     63    675.00  ████████████████████████████░░░░░░░░░░░░
     64    675.00  ████████████████████████████░░░░░░░░░░░░
     65    669.00  ███████████████████████████░░░░░░░░░░░░░
     66    675.00  ████████████████████████████░░░░░░░░░░░░
     67    689.00  ████████████████████████████░░░░░░░░░░░░
     68    689.00  ████████████████████████████░░░░░░░░░░░░
     69    701.00  █████████████████████████████░░░░░░░░░░░
     70    708.00  █████████████████████████████░░░░░░░░░░░
     71    706.00  █████████████████████████████░░░░░░░░░░░
     72    708.00  █████████████████████████████░░░░░░░░░░░
     73    708.00  █████████████████████████████░░░░░░░░░░░
     74    729.00  ██████████████████████████████░░░░░░░░░░
     75    727.00  ██████████████████████████████░░░░░░░░░░
     76    739.00  ██████████████████████████████░░░░░░░░░░
     77    746.00  ██████████████████████████████░░░░░░░░░░
     78    746.00  ██████████████████████████████░░░░░░░░░░
     79    763.00  ███████████████████████████████░░░░░░░░░
     80    774.00  ████████████████████████████████░░░░░░░░
     81    774.00  ████████████████████████████████░░░░░░░░
     82    784.00  ████████████████████████████████░░░░░░░░
     83    784.00  ████████████████████████████████░░░░░░░░
     84    788.00  ████████████████████████████████░░░░░░░░
     85    784.00  ████████████████████████████████░░░░░░░░
     86    784.00  ████████████████████████████████░░░░░░░░
     87    785.00  ████████████████████████████████░░░░░░░░
     88    788.00  ████████████████████████████████░░░░░░░░
     89    793.00  ████████████████████████████████░░░░░░░░
     90    789.00  ████████████████████████████████░░░░░░░░
     91    794.00  ████████████████████████████████░░░░░░░░
     92    797.00  █████████████████████████████████░░░░░░░
     93    797.00  █████████████████████████████████░░░░░░░
     94    797.00  █████████████████████████████████░░░░░░░
     95    797.00  █████████████████████████████████░░░░░░░
     96    802.00  █████████████████████████████████░░░░░░░
     97    802.00  █████████████████████████████████░░░░░░░
     98    802.00  █████████████████████████████████░░░░░░░
     99    806.00  █████████████████████████████████░░░░░░░
    100    802.00  █████████████████████████████████░░░░░░░
    101    801.00  █████████████████████████████████░░░░░░░
    102    806.00  █████████████████████████████████░░░░░░░
    103    806.00  █████████████████████████████████░░░░░░░
    104    806.00  █████████████████████████████████░░░░░░░
    105    802.00  █████████████████████████████████░░░░░░░
    106    811.00  █████████████████████████████████░░░░░░░
    107    811.00  █████████████████████████████████░░░░░░░
    108    828.00  ██████████████████████████████████░░░░░░
    109    824.00  ██████████████████████████████████░░░░░░
    110    824.00  ██████████████████████████████████░░░░░░
    111    825.00  ██████████████████████████████████░░░░░░
    112    825.00  ██████████████████████████████████░░░░░░
    113    842.00  ██████████████████████████████████░░░░░░
    114    842.00  ██████████████████████████████████░░░░░░
    115    844.00  ███████████████████████████████████░░░░░
    116    845.00  ███████████████████████████████████░░░░░
    117    845.00  ███████████████████████████████████░░░░░
    118    867.00  ████████████████████████████████████░░░░
    119    858.00  ███████████████████████████████████░░░░░
    120    858.00  ███████████████████████████████████░░░░░
    121    867.00  ████████████████████████████████████░░░░
    122    867.00  ████████████████████████████████████░░░░
    123    867.00  ████████████████████████████████████░░░░
    124    867.00  ████████████████████████████████████░░░░
    125    867.00  ████████████████████████████████████░░░░
    126    867.00  ████████████████████████████████████░░░░
    127    867.00  ████████████████████████████████████░░░░
    128    867.00  ████████████████████████████████████░░░░
    129    870.00  ████████████████████████████████████░░░░
    130    880.00  ████████████████████████████████████░░░░
    131    880.00  ████████████████████████████████████░░░░
    132    881.00  ████████████████████████████████████░░░░
    133    880.00  ████████████████████████████████████░░░░
    134    885.00  ████████████████████████████████████░░░░
    135    885.00  ████████████████████████████████████░░░░
    136    885.00  ████████████████████████████████████░░░░
    137    885.00  ████████████████████████████████████░░░░
    138    889.00  ████████████████████████████████████░░░░
    139    889.00  ████████████████████████████████████░░░░
    140    885.00  ████████████████████████████████████░░░░
    141    890.00  ████████████████████████████████████░░░░
    142    890.00  ████████████████████████████████████░░░░
    143    910.00  █████████████████████████████████████░░░
    144    910.00  █████████████████████████████████████░░░
    145    910.00  █████████████████████████████████████░░░
    146    916.00  ██████████████████████████████████████░░
    147    916.00  ██████████████████████████████████████░░
    148    916.00  ██████████████████████████████████████░░
    149    916.00  ██████████████████████████████████████░░
    150    916.00  ██████████████████████████████████████░░
    151    916.00  ██████████████████████████████████████░░
    152    922.00  ██████████████████████████████████████░░
    153    953.00  ███████████████████████████████████████░
    154    958.00  ███████████████████████████████████████░
    155    963.00  ████████████████████████████████████████
    156    961.00  ███████████████████████████████████████░
    157    961.00  ███████████████████████████████████████░
    158    961.00  ███████████████████████████████████████░
    159    961.00  ███████████████████████████████████████░
    160    961.00  ███████████████████████████████████████░
    161    961.00  ███████████████████████████████████████░
    162    963.00  ████████████████████████████████████████
    163    963.00  ████████████████████████████████████████
    164    963.00  ████████████████████████████████████████
    165    963.00  ████████████████████████████████████████
    166    963.00  ████████████████████████████████████████
    167    961.00  ███████████████████████████████████████░
    168    961.00  ███████████████████████████████████████░
    169    963.00  ████████████████████████████████████████
    170    963.00  ████████████████████████████████████████
    171    963.00  ████████████████████████████████████████
    172    963.00  ████████████████████████████████████████
    173    963.00  ████████████████████████████████████████
    174    963.00  ████████████████████████████████████████
    175    963.00  ████████████████████████████████████████
    176    963.00  ████████████████████████████████████████
    177    963.00  ████████████████████████████████████████
    178    963.00  ████████████████████████████████████████
    179    963.00  ████████████████████████████████████████
    180    963.00  ████████████████████████████████████████
    181    963.00  ████████████████████████████████████████
    182    963.00  ████████████████████████████████████████
    183    963.00  ████████████████████████████████████████
    184    963.00  ████████████████████████████████████████
    185    963.00  ████████████████████████████████████████
    186    963.00  ████████████████████████████████████████
    187    963.00  ████████████████████████████████████████
    188    963.00  ████████████████████████████████████████
    189    963.00  ████████████████████████████████████████
    190    963.00  ████████████████████████████████████████
    191    963.00  ████████████████████████████████████████
    192    963.00  ████████████████████████████████████████
    193    963.00  ████████████████████████████████████████
    194    963.00  ████████████████████████████████████████
    195    963.00  ████████████████████████████████████████
    196    963.00  ████████████████████████████████████████
    197    963.00  ████████████████████████████████████████
    198    963.00  ████████████████████████████████████████
    199    963.00  ████████████████████████████████████████
    200    963.00  ████████████████████████████████████████

════════════════════════════════════════════════════════════════════════
════════════════════════════════ EXPORT ════════════════════════════════
════════════════════════════════════════════════════════════════════════

  Results saved to: decmcts_results_20260406_110447.json

